// Jest Snapshot v1, https://goo.gl/fbAQLP

exports[`renders correctly 1`] = `
<div
  className="scheduel"
  style={
    Object {
      "display": "flex",
      "flexDirection": "column",
      "marginLeft": "auto",
      "marginRight": "auto",
      "width": "80vw",
    }
  }
>
  <div
    className="titles"
    style={
      Object {
        "display": "flex",
        "justifyContent": "space-between",
      }
    }
  >
    <h2>
      Date
    </h2>
    <h2>
      Event
    </h2>
    <h2>
      Result
    </h2>
  </div>
  <div
    className="events"
    style={
      Object {
        "border": "1px solid red",
        "display": "flex",
      }
    }
  >
    <ul
      style={
        Object {
          "listStyle": "none",
        }
      }
    >
      <li>
        <div
          className="scheduleEvent"
          style={
            Object {
              "display": "flex",
              "justifyContent": "space-between",
            }
          }
        >
          <p>
            12th sep
          </p>
          <p>
            Gold Coast Open
          </p>
          <p>
            5th
          </p>
        </div>
      </li>
      <li>
        <div
          className="scheduleEvent"
          style={
            Object {
              "display": "flex",
              "justifyContent": "space-between",
            }
          }
        >
          <p>
            16th oct
          </p>
          <p>
            Masters
          </p>
          <p>
            1st
          </p>
        </div>
      </li>
      <li>
        <div
          className="scheduleEvent"
          style={
            Object {
              "display": "flex",
              "justifyContent": "space-between",
            }
          }
        >
          <p>
            20th dec
          </p>
          <p>
            Christmass challenge
          </p>
          <p>
            25th
          </p>
        </div>
      </li>
    </ul>
  </div>
</div>
`;
